[2022-02-07T08:03:56.469-0900][gc,heap] Heap region size: 1M
[2022-02-07T08:03:56.469-0900][gc,heap,coops] Heap address: 0x00000007c0000000, size: 1024 MB, Compressed Oops mode: Zero based, Oop shift amount: 3
[2022-02-07T08:03:56.479-0900][gc           ] Using G1
[2022-02-07T08:03:56.479-0900][gc,cds       ] Mark closed archive regions in map: [0x00000007fff00000, 0x00000007fff7aff8]
[2022-02-07T08:03:56.479-0900][gc,cds       ] Mark open archive regions in map: [0x00000007ffe00000, 0x00000007ffe50ff8]
[2022-02-07T08:03:56.495-0900][gc           ] Periodic GC disabled
[2022-02-07T08:03:57.818-0900][gc,start     ] GC(0) Pause Young (Normal) (G1 Evacuation Pause)
[2022-02-07T08:03:57.819-0900][gc,task      ] GC(0) Using 10 workers of 10 for evacuation
[2022-02-07T08:03:57.824-0900][gc,phases    ] GC(0)   Pre Evacuate Collection Set: 0.1ms
[2022-02-07T08:03:57.824-0900][gc,phases    ] GC(0)   Merge Heap Roots: 0.0ms
[2022-02-07T08:03:57.824-0900][gc,phases    ] GC(0)   Evacuate Collection Set: 4.4ms
[2022-02-07T08:03:57.824-0900][gc,phases    ] GC(0)   Post Evacuate Collection Set: 0.5ms
[2022-02-07T08:03:57.824-0900][gc,phases    ] GC(0)   Other: 1.3ms
[2022-02-07T08:03:57.824-0900][gc,heap      ] GC(0) Eden regions: 51->0(44)
[2022-02-07T08:03:57.824-0900][gc,heap      ] GC(0) Survivor regions: 0->7(7)
[2022-02-07T08:03:57.824-0900][gc,heap      ] GC(0) Old regions: 0->0
[2022-02-07T08:03:57.824-0900][gc,heap      ] GC(0) Archive regions: 2->2
[2022-02-07T08:03:57.824-0900][gc,heap      ] GC(0) Humongous regions: 0->0
[2022-02-07T08:03:57.824-0900][gc,metaspace ] GC(0) Metaspace: 15591K(16256K)->15591K(16256K) NonClass: 13459K(13824K)->13459K(13824K) Class: 2131K(2432K)->2131K(2432K)
[2022-02-07T08:03:57.824-0900][gc           ] GC(0) Pause Young (Normal) (G1 Evacuation Pause) 51M->6M(1024M) 6.470ms
[2022-02-07T08:03:57.824-0900][gc,cpu       ] GC(0) User=0.02s Sys=0.01s Real=0.01s
[2022-02-07T08:04:01.047-0900][gc,heap,exit ] Heap
[2022-02-07T08:04:01.047-0900][gc,heap,exit ]  garbage-first heap   total 1048576K, used 24431K [0x00000007c0000000, 0x0000000800000000)
[2022-02-07T08:04:01.047-0900][gc,heap,exit ]   region size 1024K, 25 young (25600K), 7 survivors (7168K)
[2022-02-07T08:04:01.047-0900][gc,heap,exit ]  Metaspace       used 19809K, capacity 20361K, committed 20608K, reserved 1067008K
[2022-02-07T08:04:01.047-0900][gc,heap,exit ]   class space    used 2717K, capacity 2940K, committed 2944K, reserved 1048576K
