[2022-02-07T08:03:55.133-0900][gc,heap] Heap region size: 1M
[2022-02-07T08:03:55.133-0900][gc,heap,coops] Heap address: 0x00000007c0000000, size: 1024 MB, Compressed Oops mode: Zero based, Oop shift amount: 3
[2022-02-07T08:03:55.143-0900][gc           ] Using G1
[2022-02-07T08:03:55.143-0900][gc,cds       ] Mark closed archive regions in map: [0x00000007fff00000, 0x00000007fff7aff8]
[2022-02-07T08:03:55.143-0900][gc,cds       ] Mark open archive regions in map: [0x00000007ffe00000, 0x00000007ffe50ff8]
[2022-02-07T08:03:55.160-0900][gc           ] Periodic GC disabled
[2022-02-07T08:03:56.497-0900][gc,start     ] GC(0) Pause Young (Normal) (G1 Evacuation Pause)
[2022-02-07T08:03:56.497-0900][gc,task      ] GC(0) Using 10 workers of 10 for evacuation
[2022-02-07T08:03:56.502-0900][gc,phases    ] GC(0)   Pre Evacuate Collection Set: 0.1ms
[2022-02-07T08:03:56.502-0900][gc,phases    ] GC(0)   Merge Heap Roots: 0.1ms
[2022-02-07T08:03:56.502-0900][gc,phases    ] GC(0)   Evacuate Collection Set: 4.2ms
[2022-02-07T08:03:56.502-0900][gc,phases    ] GC(0)   Post Evacuate Collection Set: 0.4ms
[2022-02-07T08:03:56.502-0900][gc,phases    ] GC(0)   Other: 0.7ms
[2022-02-07T08:03:56.502-0900][gc,heap      ] GC(0) Eden regions: 51->0(44)
[2022-02-07T08:03:56.502-0900][gc,heap      ] GC(0) Survivor regions: 0->7(7)
[2022-02-07T08:03:56.502-0900][gc,heap      ] GC(0) Old regions: 0->0
[2022-02-07T08:03:56.502-0900][gc,heap      ] GC(0) Archive regions: 2->2
[2022-02-07T08:03:56.502-0900][gc,heap      ] GC(0) Humongous regions: 0->0
[2022-02-07T08:03:56.502-0900][gc,metaspace ] GC(0) Metaspace: 16032K(16768K)->16032K(16768K) NonClass: 13864K(14336K)->13864K(14336K) Class: 2167K(2432K)->2167K(2432K)
[2022-02-07T08:03:56.502-0900][gc           ] GC(0) Pause Young (Normal) (G1 Evacuation Pause) 51M->6M(1024M) 5.604ms
[2022-02-07T08:03:56.502-0900][gc,cpu       ] GC(0) User=0.03s Sys=0.01s Real=0.01s
[2022-02-07T08:03:56.774-0900][gc,start     ] GC(1) Pause Young (Concurrent Start) (Metadata GC Threshold)
[2022-02-07T08:03:56.774-0900][gc,task      ] GC(1) Using 10 workers of 10 for evacuation
[2022-02-07T08:03:56.779-0900][gc,phases    ] GC(1)   Pre Evacuate Collection Set: 0.1ms
[2022-02-07T08:03:56.779-0900][gc,phases    ] GC(1)   Merge Heap Roots: 0.1ms
[2022-02-07T08:03:56.779-0900][gc,phases    ] GC(1)   Evacuate Collection Set: 4.3ms
[2022-02-07T08:03:56.779-0900][gc,phases    ] GC(1)   Post Evacuate Collection Set: 0.3ms
[2022-02-07T08:03:56.779-0900][gc,phases    ] GC(1)   Other: 0.3ms
[2022-02-07T08:03:56.779-0900][gc,heap      ] GC(1) Eden regions: 19->0(49)
[2022-02-07T08:03:56.779-0900][gc,heap      ] GC(1) Survivor regions: 7->2(7)
[2022-02-07T08:03:56.779-0900][gc,heap      ] GC(1) Old regions: 0->6
[2022-02-07T08:03:56.779-0900][gc,heap      ] GC(1) Archive regions: 2->2
[2022-02-07T08:03:56.779-0900][gc,heap      ] GC(1) Humongous regions: 0->0
[2022-02-07T08:03:56.779-0900][gc,metaspace ] GC(1) Metaspace: 20664K(21248K)->20664K(21248K) NonClass: 17838K(18176K)->17838K(18176K) Class: 2825K(3072K)->2825K(3072K)
[2022-02-07T08:03:56.779-0900][gc           ] GC(1) Pause Young (Concurrent Start) (Metadata GC Threshold) 25M->7M(1024M) 5.244ms
[2022-02-07T08:03:56.779-0900][gc,cpu       ] GC(1) User=0.02s Sys=0.01s Real=0.00s
[2022-02-07T08:03:56.779-0900][gc           ] GC(2) Concurrent Cycle
[2022-02-07T08:03:56.779-0900][gc,marking   ] GC(2) Concurrent Clear Claimed Marks
[2022-02-07T08:03:56.779-0900][gc,marking   ] GC(2) Concurrent Clear Claimed Marks 0.049ms
[2022-02-07T08:03:56.779-0900][gc,marking   ] GC(2) Concurrent Scan Root Regions
[2022-02-07T08:03:56.782-0900][gc,marking   ] GC(2) Concurrent Scan Root Regions 2.200ms
[2022-02-07T08:03:56.782-0900][gc,marking   ] GC(2) Concurrent Mark (1.655s)
[2022-02-07T08:03:56.782-0900][gc,marking   ] GC(2) Concurrent Mark From Roots
[2022-02-07T08:03:56.782-0900][gc,task      ] GC(2) Using 3 workers of 3 for marking
[2022-02-07T08:03:56.783-0900][gc,marking   ] GC(2) Concurrent Mark From Roots 1.066ms
[2022-02-07T08:03:56.783-0900][gc,marking   ] GC(2) Concurrent Preclean
[2022-02-07T08:03:56.783-0900][gc,marking   ] GC(2) Concurrent Preclean 0.031ms
[2022-02-07T08:03:56.783-0900][gc,marking   ] GC(2) Concurrent Mark (1.655s, 1.656s) 1.154ms
[2022-02-07T08:03:56.783-0900][gc,start     ] GC(2) Pause Remark
[2022-02-07T08:03:56.784-0900][gc           ] GC(2) Pause Remark 8M->8M(1024M) 0.743ms
[2022-02-07T08:03:56.784-0900][gc,cpu       ] GC(2) User=0.00s Sys=0.00s Real=0.00s
[2022-02-07T08:03:56.784-0900][gc,marking   ] GC(2) Concurrent Rebuild Remembered Sets
[2022-02-07T08:03:56.786-0900][gc,marking   ] GC(2) Concurrent Rebuild Remembered Sets 2.074ms
[2022-02-07T08:03:56.786-0900][gc,start     ] GC(2) Pause Cleanup
[2022-02-07T08:03:56.787-0900][gc           ] GC(2) Pause Cleanup 8M->8M(1024M) 0.132ms
[2022-02-07T08:03:56.787-0900][gc,cpu       ] GC(2) User=0.00s Sys=0.00s Real=0.00s
[2022-02-07T08:03:56.787-0900][gc,marking   ] GC(2) Concurrent Cleanup for Next Mark
[2022-02-07T08:03:56.793-0900][gc,marking   ] GC(2) Concurrent Cleanup for Next Mark 6.427ms
[2022-02-07T08:03:56.793-0900][gc           ] GC(2) Concurrent Cycle 13.868ms
[2022-02-07T08:03:57.852-0900][gc,start     ] GC(3) Pause Young (Normal) (G1 Evacuation Pause)
[2022-02-07T08:03:57.852-0900][gc,task      ] GC(3) Using 10 workers of 10 for evacuation
[2022-02-07T08:03:57.854-0900][gc,phases    ] GC(3)   Pre Evacuate Collection Set: 0.1ms
[2022-02-07T08:03:57.854-0900][gc,phases    ] GC(3)   Merge Heap Roots: 0.0ms
[2022-02-07T08:03:57.854-0900][gc,phases    ] GC(3)   Evacuate Collection Set: 2.2ms
[2022-02-07T08:03:57.854-0900][gc,phases    ] GC(3)   Post Evacuate Collection Set: 0.4ms
[2022-02-07T08:03:57.854-0900][gc,phases    ] GC(3)   Other: 0.2ms
[2022-02-07T08:03:57.854-0900][gc,heap      ] GC(3) Eden regions: 49->0(46)
[2022-02-07T08:03:57.854-0900][gc,heap      ] GC(3) Survivor regions: 2->5(7)
[2022-02-07T08:03:57.854-0900][gc,heap      ] GC(3) Old regions: 6->6
[2022-02-07T08:03:57.854-0900][gc,heap      ] GC(3) Archive regions: 2->2
[2022-02-07T08:03:57.854-0900][gc,heap      ] GC(3) Humongous regions: 129->129
[2022-02-07T08:03:57.854-0900][gc,metaspace ] GC(3) Metaspace: 28005K(29184K)->28005K(29184K) NonClass: 24371K(25088K)->24371K(25088K) Class: 3633K(4096K)->3633K(4096K)
[2022-02-07T08:03:57.855-0900][gc           ] GC(3) Pause Young (Normal) (G1 Evacuation Pause) 185M->140M(1024M) 3.007ms
[2022-02-07T08:03:57.855-0900][gc,cpu       ] GC(3) User=0.02s Sys=0.00s Real=0.00s
[2022-02-07T08:03:58.402-0900][gc,start     ] GC(4) Pause Young (Concurrent Start) (Metadata GC Threshold)
[2022-02-07T08:03:58.402-0900][gc,task      ] GC(4) Using 10 workers of 10 for evacuation
[2022-02-07T08:03:58.408-0900][gc,phases    ] GC(4)   Pre Evacuate Collection Set: 0.1ms
[2022-02-07T08:03:58.408-0900][gc,phases    ] GC(4)   Merge Heap Roots: 0.0ms
[2022-02-07T08:03:58.408-0900][gc,phases    ] GC(4)   Evacuate Collection Set: 4.8ms
[2022-02-07T08:03:58.408-0900][gc,phases    ] GC(4)   Post Evacuate Collection Set: 0.6ms
[2022-02-07T08:03:58.408-0900][gc,phases    ] GC(4)   Other: 0.2ms
[2022-02-07T08:03:58.408-0900][gc,heap      ] GC(4) Eden regions: 41->0(48)
[2022-02-07T08:03:58.408-0900][gc,heap      ] GC(4) Survivor regions: 5->3(7)
[2022-02-07T08:03:58.408-0900][gc,heap      ] GC(4) Old regions: 6->11
[2022-02-07T08:03:58.408-0900][gc,heap      ] GC(4) Archive regions: 2->2
[2022-02-07T08:03:58.408-0900][gc,heap      ] GC(4) Humongous regions: 135->135
[2022-02-07T08:03:58.408-0900][gc,metaspace ] GC(4) Metaspace: 34286K(35840K)->34286K(35840K) NonClass: 29819K(30720K)->29819K(30720K) Class: 4467K(5120K)->4467K(5120K)
[2022-02-07T08:03:58.408-0900][gc           ] GC(4) Pause Young (Concurrent Start) (Metadata GC Threshold) 186M->148M(1024M) 5.908ms
[2022-02-07T08:03:58.408-0900][gc,cpu       ] GC(4) User=0.05s Sys=0.01s Real=0.00s
[2022-02-07T08:03:58.408-0900][gc           ] GC(5) Concurrent Cycle
[2022-02-07T08:03:58.408-0900][gc,marking   ] GC(5) Concurrent Clear Claimed Marks
[2022-02-07T08:03:58.408-0900][gc,marking   ] GC(5) Concurrent Clear Claimed Marks 0.140ms
[2022-02-07T08:03:58.408-0900][gc,marking   ] GC(5) Concurrent Scan Root Regions
[2022-02-07T08:03:58.411-0900][gc,marking   ] GC(5) Concurrent Scan Root Regions 3.146ms
[2022-02-07T08:03:58.411-0900][gc,marking   ] GC(5) Concurrent Mark (3.285s)
[2022-02-07T08:03:58.411-0900][gc,marking   ] GC(5) Concurrent Mark From Roots
[2022-02-07T08:03:58.411-0900][gc,task      ] GC(5) Using 3 workers of 3 for marking
[2022-02-07T08:03:58.417-0900][gc,marking   ] GC(5) Concurrent Mark From Roots 5.548ms
[2022-02-07T08:03:58.417-0900][gc,marking   ] GC(5) Concurrent Preclean
[2022-02-07T08:03:58.417-0900][gc,marking   ] GC(5) Concurrent Preclean 0.075ms
[2022-02-07T08:03:58.417-0900][gc,marking   ] GC(5) Concurrent Mark (3.285s, 3.290s) 5.677ms
[2022-02-07T08:03:58.417-0900][gc,start     ] GC(5) Pause Remark
[2022-02-07T08:03:58.419-0900][gc           ] GC(5) Pause Remark 149M->149M(1024M) 1.397ms
[2022-02-07T08:03:58.419-0900][gc,cpu       ] GC(5) User=0.02s Sys=0.00s Real=0.00s
[2022-02-07T08:03:58.419-0900][gc,marking   ] GC(5) Concurrent Rebuild Remembered Sets
[2022-02-07T08:03:58.424-0900][gc,marking   ] GC(5) Concurrent Rebuild Remembered Sets 4.945ms
[2022-02-07T08:03:58.424-0900][gc,start     ] GC(5) Pause Cleanup
[2022-02-07T08:03:58.424-0900][gc           ] GC(5) Pause Cleanup 149M->149M(1024M) 0.133ms
[2022-02-07T08:03:58.424-0900][gc,cpu       ] GC(5) User=0.00s Sys=0.00s Real=0.00s
[2022-02-07T08:03:58.424-0900][gc,marking   ] GC(5) Concurrent Cleanup for Next Mark
[2022-02-07T08:03:58.431-0900][gc,marking   ] GC(5) Concurrent Cleanup for Next Mark 6.541ms
[2022-02-07T08:03:58.431-0900][gc           ] GC(5) Concurrent Cycle 22.919ms
[2022-02-07T08:04:23.756-0900][gc,heap,exit ] Heap
[2022-02-07T08:04:23.756-0900][gc,heap,exit ]  garbage-first heap   total 1048576K, used 197134K [0x00000007c0000000, 0x0000000800000000)
[2022-02-07T08:04:23.756-0900][gc,heap,exit ]   region size 1024K, 18 young (18432K), 3 survivors (3072K)
[2022-02-07T08:04:23.756-0900][gc,heap,exit ]  Metaspace       used 35656K, capacity 37227K, committed 37376K, reserved 1081344K
[2022-02-07T08:04:23.757-0900][gc,heap,exit ]   class space    used 4750K, capacity 5529K, committed 5632K, reserved 1048576K
