[2022-02-07T08:03:22.077-0900][gc,heap] Heap region size: 1M
[2022-02-07T08:03:22.077-0900][gc,heap,coops] Heap address: 0x00000007e0000000, size: 512 MB, Compressed Oops mode: Zero based, Oop shift amount: 3
[2022-02-07T08:03:22.082-0900][gc           ] Using G1
[2022-02-07T08:03:22.083-0900][gc,cds       ] Mark closed archive regions in map: [0x00000007fff00000, 0x00000007fff7aff8]
[2022-02-07T08:03:22.083-0900][gc,cds       ] Mark open archive regions in map: [0x00000007ffe00000, 0x00000007ffe50ff8]
[2022-02-07T08:03:22.100-0900][gc           ] Periodic GC disabled
[2022-02-07T08:03:56.113-0900][gc,start     ] GC(0) Pause Young (Normal) (G1 Evacuation Pause)
[2022-02-07T08:03:56.113-0900][gc,task      ] GC(0) Using 10 workers of 10 for evacuation
[2022-02-07T08:03:56.118-0900][gc,phases    ] GC(0)   Pre Evacuate Collection Set: 0.1ms
[2022-02-07T08:03:56.118-0900][gc,phases    ] GC(0)   Merge Heap Roots: 0.1ms
[2022-02-07T08:03:56.118-0900][gc,phases    ] GC(0)   Evacuate Collection Set: 3.6ms
[2022-02-07T08:03:56.118-0900][gc,phases    ] GC(0)   Post Evacuate Collection Set: 0.4ms
[2022-02-07T08:03:56.118-0900][gc,phases    ] GC(0)   Other: 0.6ms
[2022-02-07T08:03:56.118-0900][gc,heap      ] GC(0) Eden regions: 25->0(21)
[2022-02-07T08:03:56.118-0900][gc,heap      ] GC(0) Survivor regions: 0->4(4)
[2022-02-07T08:03:56.118-0900][gc,heap      ] GC(0) Old regions: 0->2
[2022-02-07T08:03:56.118-0900][gc,heap      ] GC(0) Archive regions: 2->2
[2022-02-07T08:03:56.118-0900][gc,heap      ] GC(0) Humongous regions: 0->0
[2022-02-07T08:03:56.118-0900][gc,metaspace ] GC(0) Metaspace: 7280K(7936K)->7280K(7936K) NonClass: 6442K(6912K)->6442K(6912K) Class: 837K(1024K)->837K(1024K)
[2022-02-07T08:03:56.118-0900][gc           ] GC(0) Pause Young (Normal) (G1 Evacuation Pause) 25M->5M(512M) 4.979ms
[2022-02-07T08:03:56.118-0900][gc,cpu       ] GC(0) User=0.02s Sys=0.02s Real=0.00s
[2022-02-07T08:04:18.890-0900][gc,heap,exit ] Heap
[2022-02-07T08:04:18.890-0900][gc,heap,exit ]  garbage-first heap   total 524288K, used 12224K [0x00000007e0000000, 0x0000000800000000)
[2022-02-07T08:04:18.890-0900][gc,heap,exit ]   region size 1024K, 11 young (11264K), 4 survivors (4096K)
[2022-02-07T08:04:18.890-0900][gc,heap,exit ]  Metaspace       used 7724K, capacity 8051K, committed 8192K, reserved 1056768K
[2022-02-07T08:04:18.890-0900][gc,heap,exit ]   class space    used 864K, capacity 962K, committed 1024K, reserved 1048576K
